
Allocating common symbols
Common symbol       size              file

cpu_ms_loopcnt      0x4               ./super/super_clock.o
debugger_buffer     0x100             ./../mem_printk.o
saved_context       0xa0              ./../mem_cpu.o

Memory Configuration

Name             Origin             Length             Attributes
*default*        0x0000000000000000 0xffffffffffffffff

Linker script and memory map

                0x0000000000000000                __resume1_start = .

.text           0x0000000000000000     0x6a98
 ./super/resume/resume1.o(.text)
 .text          0x0000000000000000      0x24c ./super/resume/resume1.o
                0x0000000000000000                main
 *(.text)
 .text          0x000000000000024c       0x78 ./super/common.o
                0x000000000000024c                mem_memcpy
 .text          0x00000000000002c4     0x1170 ./super/super_twi.o
                0x0000000000000444                mem_twi_init
                0x0000000000000540                mem_twi_exit
                0x0000000000000724                setup_twi_env
                0x00000000000007ac                twi_byte_rw
                0x0000000000000e90                twi_byte_rw_nommu
 .text          0x0000000000001434      0x490 ./super/super_clock.o
                0x0000000000001434                mem_clk_plldisable
                0x00000000000014c0                mem_clk_pllenable
                0x000000000000154c                mem_clk_setdiv
                0x0000000000001608                mem_clk_getdiv
                0x00000000000016c4                mem_clk_set_pll_factor
                0x0000000000001774                mem_clk_get_pll_factor
                0x0000000000001814                mem_clk_dramgating
                0x000000000000186c                mem_clk_dramgating_nommu
 .text          0x00000000000018c4      0xca8 ./super/super_power.o
                0x00000000000019a8                mem_set_voltage
                0x0000000000001c18                mem_get_voltage
                0x0000000000001d24                mem_power_init
                0x00000000000020d8                mem_power_exit
                0x000000000000239c                mem_power_off
                0x0000000000002484                mem_power_off_nommu
 .text          0x000000000000256c       0x4c ./super/super_tmr.o
                0x000000000000256c                mem_tmr_disable_watchdog
 .text          0x00000000000025b8      0x744 ./dram/dram.o
                0x00000000000025b8                mctl_precharge_all
                0x0000000000002624                DRAMC_enter_selfrefresh
                0x0000000000002708                mctl_mode_exit
                0x0000000000002774                DRAMC_exit_selfrefresh
                0x0000000000002840                DRAMC_enter_power_down
                0x00000000000028ac                DRAMC_exit_power_down
                0x00000000000028bc                DRAMC_hostport_on_off
                0x0000000000002948                DRAMC_hostport_check_ahb_fifo_status
                0x000000000000299c                DRAMC_hostport_setup
                0x0000000000002a74                mctl_ahb_reset
                0x0000000000002b90                dram_power_save_process
                0x0000000000002c34                dram_enter_selfrefresh
                0x0000000000002c44                dram_exit_selfrefresh
                0x0000000000002c54                dram_enter_power_down
                0x0000000000002c64                dram_exit_power_down
                0x0000000000002c74                dram_hostport_on_off
                0x0000000000002c9c                dram_hostport_check_ahb_fifo_status
                0x0000000000002cc4                dram_hostport_setup
 .text          0x0000000000002cfc     0x12a8 ./dram/dram_init.o
                0x0000000000002cfc                mctl_ddr3_reset
                0x0000000000002d70                mctl_set_drive
                0x0000000000002ddc                mctl_itm_disable
                0x0000000000002e34                mctl_itm_enable
                0x0000000000002e80                mctl_enable_dll0
                0x0000000000002f3c                mctl_enable_dllx
                0x0000000000003140                mctl_disable_dll
                0x0000000000003270                mctl_configure_hostport
                0x0000000000003360                mctl_setup_dram_clock
                0x00000000000034d4                DRAMC_init
                0x0000000000003ba8                DRAMC_scan_readpipe
                0x0000000000003c64                DRAMC_clock_output_en
                0x0000000000003cc8                DRAMC_set_autorefresh_cycle
                0x0000000000003d48                DRAMC_get_dram_size
                0x0000000000003e68                dram_init
                0x0000000000003e84                save_mem_status
                0x0000000000003ea0                init_DRAM
                0x0000000000003f04                dram_exit
                0x0000000000003f20                dram_get_size
                0x0000000000003f38                dram_set_clock
                0x0000000000003f5c                dram_set_drive
                0x0000000000003f6c                dram_set_autorefresh_cycle
                0x0000000000003f8c                dram_scan_readpipe
 .text          0x0000000000003fa4       0x28 ./../mem_delay.o
                0x0000000000003fa4                mem_delay
 .text          0x0000000000003fcc      0x54c ./../mem_cpu.o
                0x0000000000003fcc                __save_processor_state
                0x0000000000004174                __restore_processor_state
                0x00000000000042b8                disable_cache_invalidate
                0x0000000000004308                set_copro_default
                0x0000000000004490                save_processor_state
                0x00000000000044a8                restore_processor_state
                0x00000000000044c0                restore_processor_ttbr0
                0x00000000000044e4                set_ttbr0
 *fill*         0x0000000000004518        0x8 00
 .text          0x0000000000004520      0x140 ./../mem_mmu_pc.o
                0x0000000000004520                save_mmu_state
                0x00000000000045a8                restore_mmu_state
 .text          0x0000000000004660      0x460 ./../mem_mmu_pc_asm.o
                0x0000000000004660                save_sp
                0x000000000000466c                save_sp_nommu
                0x0000000000004678                restore_sp
                0x0000000000004680                get_sp
                0x0000000000004690                invalidate_dcache
                0x0000000000004724                invalidate_icache
                0x000000000000473c                flush_dcache
                0x00000000000047d8                flush_icache
                0x00000000000047fc                disable_cache
                0x000000000000481c                disable_dcache
                0x0000000000004838                disable_icache
                0x0000000000004854                disable_l2cache
                0x0000000000004870                enable_cache
                0x0000000000004890                enable_icache
                0x00000000000048ac                invalidate_branch_predictor
                0x00000000000048c4                disable_program_flow_prediction
                0x00000000000048e0                enable_program_flow_prediction
                0x00000000000048fc                mem_flush_tlb
                0x0000000000004920                mem_preload_tlb
                0x00000000000049ac                disable_mmu
                0x00000000000049d4                enable_mmu
                0x0000000000004a14                jump_to_suspend
                0x0000000000004a30                jump_to_resume
                0x0000000000004a50                jump_to_resume0
                0x0000000000004a60                mem_preload_tlb_nommu
 .text          0x0000000000004ac0      0x4a8 ./../mem_serial.o
                0x0000000000004ac0                serial_init_nommu
                0x0000000000004ba8                serial_puts_nommu
                0x0000000000004bcc                serial_gets_nommu
                0x0000000000004c50                serial_init
                0x0000000000004e7c                serial_puts
                0x0000000000004ee4                serial_gets
 .text          0x0000000000004f68      0xfbc ./../mem_printk.o
                0x0000000000004f68                strlen
                0x0000000000004fbc                strcpy
                0x0000000000005038                strncpy
                0x00000000000050c0                strcat
                0x000000000000515c                strncat
                0x0000000000005230                strcmp
                0x00000000000052d0                strncmp
                0x0000000000005420                itoa
                0x00000000000055e0                utoa
                0x0000000000005754                printk
                0x0000000000005af8                print_align
                0x0000000000005b80                printk_nommu
 .text          0x0000000000005f24      0x328 ./../pm_debug.o
                0x0000000000005f24                busy_waiting
                0x0000000000005f54                fake_busy_waiting
                0x0000000000005f84                standby_dram_crc
                0x0000000000006118                io_init
                0x0000000000006140                io_init_high
                0x0000000000006184                io_init_low
                0x00000000000061c8                io_high
 .text          0x000000000000624c      0x5a8 ./../mem_timing.o
                0x000000000000624c                init_perfcounters
                0x00000000000062dc                backup_perfcounter
                0x0000000000006310                restore_perfcounter
                0x0000000000006344                get_cyclecount
                0x000000000000636c                reset_counter
                0x00000000000063a8                change_runtime_env
                0x000000000000653c                delay_us
                0x0000000000006614                delay_ms
                0x00000000000066c8                init_event_counter
                0x0000000000006758                set_event_counter
                0x000000000000679c                get_event_counter
 .text          0x00000000000067f4       0xfc ./../mem_divlibc.o
                0x00000000000067f4                __div0
                0x000000000000680c                raw_lib_udiv
 .text          0x00000000000068f0      0x1a8 ./../mem_divlib.o
                0x00000000000068f0                Ldiv0
                0x0000000000006900                __aeabi_uidiv
                0x000000000000699c                __aeabi_idiv
                0x0000000000006a68                __aeabi_uidivmod
                0x0000000000006a80                __aeabi_idivmod

.glue_7         0x0000000000006a98        0x0
 .glue_7        0x0000000000000000        0x0 linker stubs

.glue_7t        0x0000000000006a98        0x0
 .glue_7t       0x0000000000000000        0x0 linker stubs

.vfp11_veneer   0x0000000000006a98        0x0
 .vfp11_veneer  0x0000000000000000        0x0 linker stubs

.v4_bx          0x0000000000006a98        0x0
 .v4_bx         0x0000000000000000        0x0 linker stubs

.iplt           0x0000000000006a98        0x0
 .iplt          0x0000000000000000        0x0 ./super/resume/resume1.o

.rodata         0x0000000000006a98      0x130
 *(.rodata)
 .rodata        0x0000000000006a98       0x34 ./super/resume/resume1.o
 .rodata        0x0000000000006acc       0x6c ./super/super_twi.o
 .rodata        0x0000000000006b38       0x14 ./super/super_power.o
 .rodata        0x0000000000006b4c       0x28 ./../mem_printk.o
 .rodata        0x0000000000006b74       0x38 ./../pm_debug.o
 .rodata        0x0000000000006bac       0x1c ./../mem_divlibc.o

.rel.dyn        0x0000000000006bc8        0x0
 .rel.iplt      0x0000000000000000        0x0 ./super/resume/resume1.o

.data           0x0000000000006bc8      0x218
 *(.data)
 .data          0x0000000000006bc8        0x4 ./super/resume/resume1.o
 .data          0x0000000000006bcc        0x0 ./super/common.o
 .data          0x0000000000006bcc        0xc ./super/super_twi.o
 .data          0x0000000000006bd8        0x0 ./super/super_clock.o
 .data          0x0000000000006bd8       0xe8 ./super/super_power.o
 .data          0x0000000000006cc0        0x0 ./super/super_tmr.o
 .data          0x0000000000006cc0        0x0 ./dram/dram.o
 .data          0x0000000000006cc0       0x80 ./dram/dram_init.o
                0x0000000000006cc0                hpcr_value
 .data          0x0000000000006d40        0x0 ./../mem_delay.o
 .data          0x0000000000006d40       0xa0 ./../mem_cpu.o
 .data          0x0000000000006de0        0x0 ./../mem_mmu_pc.o
 .data          0x0000000000006de0        0x0 ./../mem_mmu_pc_asm.o
 .data          0x0000000000006de0        0x0 ./../mem_serial.o
 .data          0x0000000000006de0        0x0 ./../mem_printk.o
 .data          0x0000000000006de0        0x0 ./../pm_debug.o
 .data          0x0000000000006de0        0x0 ./../mem_timing.o
 .data          0x0000000000006de0        0x0 ./../mem_divlibc.o
 .data          0x0000000000006de0        0x0 ./../mem_divlib.o
                0x0000000000006de0                __bss_start = .

.igot.plt       0x0000000000006de0        0x0
 .igot.plt      0x0000000000000000        0x0 ./super/resume/resume1.o

.bss            0x0000000000006de0      0x2b0
 *(.sbss)
 *(.scommon)
 *(.bss)
 .bss           0x0000000000006de0       0xec ./super/resume/resume1.o
 .bss           0x0000000000006ecc        0x0 ./super/common.o
 .bss           0x0000000000006ecc        0xc ./super/super_twi.o
 .bss           0x0000000000006ed8        0x0 ./super/super_clock.o
 .bss           0x0000000000006ed8        0x0 ./super/super_power.o
 .bss           0x0000000000006ed8        0x0 ./super/super_tmr.o
 .bss           0x0000000000006ed8        0x0 ./dram/dram.o
 .bss           0x0000000000006ed8        0x0 ./dram/dram_init.o
 .bss           0x0000000000006ed8        0x0 ./../mem_delay.o
 .bss           0x0000000000006ed8        0x0 ./../mem_cpu.o
 .bss           0x0000000000006ed8        0x0 ./../mem_mmu_pc.o
 .bss           0x0000000000006ed8        0x0 ./../mem_mmu_pc_asm.o
 .bss           0x0000000000006ed8        0x0 ./../mem_serial.o
 .bss           0x0000000000006ed8        0x0 ./../mem_printk.o
 .bss           0x0000000000006ed8        0x4 ./../pm_debug.o
                0x0000000000006ed8                print_flag
 .bss           0x0000000000006edc       0x10 ./../mem_timing.o
 .bss           0x0000000000006eec        0x0 ./../mem_divlibc.o
 .bss           0x0000000000006eec        0x0 ./../mem_divlib.o
 *(COMMON)
 COMMON         0x0000000000006eec        0x4 ./super/super_clock.o
                0x0000000000006eec                cpu_ms_loopcnt
 COMMON         0x0000000000006ef0       0xa0 ./../mem_cpu.o
                0x0000000000006ef0                saved_context
 COMMON         0x0000000000006f90      0x100 ./../mem_printk.o
                0x0000000000006f90                debugger_buffer
                0x0000000000007090                __bss_end = .
                0x0000000000007090                __resume1_end = .
LOAD ./super/common.o
LOAD ./super/super_twi.o
LOAD ./super/super_clock.o
LOAD ./super/super_power.o
LOAD ./super/super_tmr.o
LOAD ./super/resume/resume1.o
LOAD ./dram/dram.o
LOAD ./dram/dram_init.o
LOAD ./../mem_delay.o
LOAD ./../mem_cpu.o
LOAD ./../mem_mmu_pc.o
LOAD ./../mem_mmu_pc_asm.o
LOAD ./../mem_serial.o
LOAD ./../mem_printk.o
LOAD ./../pm_debug.o
LOAD ./../mem_timing.o
LOAD ./../mem_divlibc.o
LOAD ./../mem_divlib.o
OUTPUT(resume1.elf elf32-littlearm)

.debug_info     0x0000000000000000     0x9d61
 .debug_info    0x0000000000000000      0x4d4 ./super/resume/resume1.o
 .debug_info    0x00000000000004d4       0xcb ./super/common.o
 .debug_info    0x000000000000059f     0x26c3 ./super/super_twi.o
 .debug_info    0x0000000000002c62     0x2614 ./super/super_clock.o
 .debug_info    0x0000000000005276      0x3aa ./super/super_power.o
 .debug_info    0x0000000000005620      0x2b9 ./super/super_tmr.o
 .debug_info    0x00000000000058d9      0x4a7 ./dram/dram.o
 .debug_info    0x0000000000005d80      0x674 ./dram/dram_init.o
 .debug_info    0x00000000000063f4       0x7f ./../mem_delay.o
 .debug_info    0x0000000000006473      0x3e8 ./../mem_cpu.o
 .debug_info    0x000000000000685b      0x145 ./../mem_mmu_pc.o
 .debug_info    0x00000000000069a0       0x84 ./../mem_mmu_pc_asm.o
 .debug_info    0x0000000000006a24      0x2ab ./../mem_serial.o
 .debug_info    0x0000000000006ccf      0x630 ./../mem_printk.o
 .debug_info    0x00000000000072ff      0x1e0 ./../pm_debug.o
 .debug_info    0x00000000000074df     0x2719 ./../mem_timing.o
 .debug_info    0x0000000000009bf8       0xe9 ./../mem_divlibc.o
 .debug_info    0x0000000000009ce1       0x80 ./../mem_divlib.o

.debug_abbrev   0x0000000000000000     0x1155
 .debug_abbrev  0x0000000000000000      0x10e ./super/resume/resume1.o
 .debug_abbrev  0x000000000000010e       0x7e ./super/common.o
 .debug_abbrev  0x000000000000018c      0x1fe ./super/super_twi.o
 .debug_abbrev  0x000000000000038a      0x158 ./super/super_clock.o
 .debug_abbrev  0x00000000000004e2      0x13a ./super/super_power.o
 .debug_abbrev  0x000000000000061c       0x9b ./super/super_tmr.o
 .debug_abbrev  0x00000000000006b7      0x186 ./dram/dram.o
 .debug_abbrev  0x000000000000083d      0x187 ./dram/dram_init.o
 .debug_abbrev  0x00000000000009c4       0x14 ./../mem_delay.o
 .debug_abbrev  0x00000000000009d8      0x10c ./../mem_cpu.o
 .debug_abbrev  0x0000000000000ae4       0xa8 ./../mem_mmu_pc.o
 .debug_abbrev  0x0000000000000b8c       0x14 ./../mem_mmu_pc_asm.o
 .debug_abbrev  0x0000000000000ba0      0x112 ./../mem_serial.o
 .debug_abbrev  0x0000000000000cb2      0x178 ./../mem_printk.o
 .debug_abbrev  0x0000000000000e2a       0xc0 ./../pm_debug.o
 .debug_abbrev  0x0000000000000eea      0x1d6 ./../mem_timing.o
 .debug_abbrev  0x00000000000010c0       0x81 ./../mem_divlibc.o
 .debug_abbrev  0x0000000000001141       0x14 ./../mem_divlib.o

.debug_loc      0x0000000000000000     0x1568
 .debug_loc     0x0000000000000000       0x58 ./super/resume/resume1.o
 .debug_loc     0x0000000000000058       0x2c ./super/common.o
 .debug_loc     0x0000000000000084      0x160 ./super/super_twi.o
 .debug_loc     0x00000000000001e4      0x160 ./super/super_clock.o
 .debug_loc     0x0000000000000344      0x160 ./super/super_power.o
 .debug_loc     0x00000000000004a4       0x2c ./super/super_tmr.o
 .debug_loc     0x00000000000004d0      0x344 ./dram/dram.o
 .debug_loc     0x0000000000000814      0x3f4 ./dram/dram_init.o
 .debug_loc     0x0000000000000c08      0x160 ./../mem_cpu.o
 .debug_loc     0x0000000000000d68       0x58 ./../mem_mmu_pc.o
 .debug_loc     0x0000000000000dc0      0x1b8 ./../mem_serial.o
 .debug_loc     0x0000000000000f78      0x254 ./../mem_printk.o
 .debug_loc     0x00000000000011cc      0x134 ./../pm_debug.o
 .debug_loc     0x0000000000001300      0x210 ./../mem_timing.o
 .debug_loc     0x0000000000001510       0x58 ./../mem_divlibc.o

.debug_aranges  0x0000000000000000      0x240
 .debug_aranges
                0x0000000000000000       0x20 ./super/resume/resume1.o
 .debug_aranges
                0x0000000000000020       0x20 ./super/common.o
 .debug_aranges
                0x0000000000000040       0x20 ./super/super_twi.o
 .debug_aranges
                0x0000000000000060       0x20 ./super/super_clock.o
 .debug_aranges
                0x0000000000000080       0x20 ./super/super_power.o
 .debug_aranges
                0x00000000000000a0       0x20 ./super/super_tmr.o
 .debug_aranges
                0x00000000000000c0       0x20 ./dram/dram.o
 .debug_aranges
                0x00000000000000e0       0x20 ./dram/dram_init.o
 .debug_aranges
                0x0000000000000100       0x20 ./../mem_delay.o
 .debug_aranges
                0x0000000000000120       0x20 ./../mem_cpu.o
 .debug_aranges
                0x0000000000000140       0x20 ./../mem_mmu_pc.o
 .debug_aranges
                0x0000000000000160       0x20 ./../mem_mmu_pc_asm.o
 .debug_aranges
                0x0000000000000180       0x20 ./../mem_serial.o
 .debug_aranges
                0x00000000000001a0       0x20 ./../mem_printk.o
 .debug_aranges
                0x00000000000001c0       0x20 ./../pm_debug.o
 .debug_aranges
                0x00000000000001e0       0x20 ./../mem_timing.o
 .debug_aranges
                0x0000000000000200       0x20 ./../mem_divlibc.o
 .debug_aranges
                0x0000000000000220       0x20 ./../mem_divlib.o

.debug_line     0x0000000000000000     0x1372
 .debug_line    0x0000000000000000       0xdc ./super/resume/resume1.o
 .debug_line    0x00000000000000dc       0x56 ./super/common.o
 .debug_line    0x0000000000000132      0x2c2 ./super/super_twi.o
 .debug_line    0x00000000000003f4      0x112 ./super/super_clock.o
 .debug_line    0x0000000000000506      0x167 ./super/super_power.o
 .debug_line    0x000000000000066d       0x70 ./super/super_tmr.o
 .debug_line    0x00000000000006dd      0x12e ./dram/dram.o
 .debug_line    0x000000000000080b      0x244 ./dram/dram_init.o
 .debug_line    0x0000000000000a4f       0x49 ./../mem_delay.o
 .debug_line    0x0000000000000a98       0xec ./../mem_cpu.o
 .debug_line    0x0000000000000b84       0x7a ./../mem_mmu_pc.o
 .debug_line    0x0000000000000bfe      0x15e ./../mem_mmu_pc_asm.o
 .debug_line    0x0000000000000d5c       0xe7 ./../mem_serial.o
 .debug_line    0x0000000000000e43      0x24e ./../mem_printk.o
 .debug_line    0x0000000000001091       0xb0 ./../pm_debug.o
 .debug_line    0x0000000000001141      0x147 ./../mem_timing.o
 .debug_line    0x0000000000001288       0x69 ./../mem_divlibc.o
 .debug_line    0x00000000000012f1       0x81 ./../mem_divlib.o

.debug_str      0x0000000000000000     0x2271
 .debug_str     0x0000000000000000      0x3ee ./super/resume/resume1.o
                                        0x432 (size before relaxing)
 .debug_str     0x00000000000003ee       0x2c ./super/common.o
                                         0xf3 (size before relaxing)
 .debug_str     0x000000000000041a     0x1174 ./super/super_twi.o
                                       0x12c8 (size before relaxing)
 .debug_str     0x000000000000158e       0xc8 ./super/super_clock.o
                                       0x1252 (size before relaxing)
 .debug_str     0x0000000000001656       0xf5 ./super/super_power.o
                                        0x279 (size before relaxing)
 .debug_str     0x000000000000174b      0x136 ./super/super_tmr.o
                                        0x249 (size before relaxing)
 .debug_str     0x0000000000001881      0x20e ./dram/dram.o
                                        0x30f (size before relaxing)
 .debug_str     0x0000000000001a8f      0x204 ./dram/dram_init.o
                                        0x413 (size before relaxing)
 .debug_str     0x0000000000001c93      0x14d ./../mem_cpu.o
                                        0x26f (size before relaxing)
 .debug_str     0x0000000000001de0       0x33 ./../mem_mmu_pc.o
                                        0x13d (size before relaxing)
 .debug_str     0x0000000000001e13       0xc3 ./../mem_serial.o
                                        0x19d (size before relaxing)
 .debug_str     0x0000000000001ed6       0xf0 ./../mem_printk.o
                                        0x1de (size before relaxing)
 .debug_str     0x0000000000001fc6       0x82 ./../pm_debug.o
                                        0x15c (size before relaxing)
 .debug_str     0x0000000000002048      0x1e1 ./../mem_timing.o
                                       0x132e (size before relaxing)
 .debug_str     0x0000000000002229       0x48 ./../mem_divlibc.o
                                        0x117 (size before relaxing)

.comment        0x0000000000000000       0x2a
 .comment       0x0000000000000000       0x2a ./super/resume/resume1.o
                                         0x2b (size before relaxing)
 .comment       0x0000000000000000       0x2b ./super/common.o
 .comment       0x0000000000000000       0x2b ./super/super_twi.o
 .comment       0x0000000000000000       0x2b ./super/super_clock.o
 .comment       0x0000000000000000       0x2b ./super/super_power.o
 .comment       0x0000000000000000       0x2b ./super/super_tmr.o
 .comment       0x0000000000000000       0x2b ./dram/dram.o
 .comment       0x0000000000000000       0x2b ./dram/dram_init.o
 .comment       0x0000000000000000       0x2b ./../mem_cpu.o
 .comment       0x0000000000000000       0x2b ./../mem_mmu_pc.o
 .comment       0x0000000000000000       0x2b ./../mem_serial.o
 .comment       0x0000000000000000       0x2b ./../mem_printk.o
 .comment       0x0000000000000000       0x2b ./../pm_debug.o
 .comment       0x0000000000000000       0x2b ./../mem_timing.o
 .comment       0x0000000000000000       0x2b ./../mem_divlibc.o

.note.GNU-stack
                0x0000000000000000        0x0
 .note.GNU-stack
                0x0000000000000000        0x0 ./super/resume/resume1.o
 .note.GNU-stack
                0x0000000000000000        0x0 ./super/common.o
 .note.GNU-stack
                0x0000000000000000        0x0 ./super/super_twi.o
 .note.GNU-stack
                0x0000000000000000        0x0 ./super/super_clock.o
 .note.GNU-stack
                0x0000000000000000        0x0 ./super/super_power.o
 .note.GNU-stack
                0x0000000000000000        0x0 ./super/super_tmr.o
 .note.GNU-stack
                0x0000000000000000        0x0 ./dram/dram.o
 .note.GNU-stack
                0x0000000000000000        0x0 ./dram/dram_init.o
 .note.GNU-stack
                0x0000000000000000        0x0 ./../mem_cpu.o
 .note.GNU-stack
                0x0000000000000000        0x0 ./../mem_mmu_pc.o
 .note.GNU-stack
                0x0000000000000000        0x0 ./../mem_serial.o
 .note.GNU-stack
                0x0000000000000000        0x0 ./../mem_printk.o
 .note.GNU-stack
                0x0000000000000000        0x0 ./../pm_debug.o
 .note.GNU-stack
                0x0000000000000000        0x0 ./../mem_timing.o
 .note.GNU-stack
                0x0000000000000000        0x0 ./../mem_divlibc.o

.ARM.attributes
                0x0000000000000000       0x33
 .ARM.attributes
                0x0000000000000000       0x35 ./super/resume/resume1.o
 .ARM.attributes
                0x0000000000000035       0x35 ./super/common.o
 .ARM.attributes
                0x000000000000006a       0x35 ./super/super_twi.o
 .ARM.attributes
                0x000000000000009f       0x35 ./super/super_clock.o
 .ARM.attributes
                0x00000000000000d4       0x35 ./super/super_power.o
 .ARM.attributes
                0x0000000000000109       0x35 ./super/super_tmr.o
 .ARM.attributes
                0x000000000000013e       0x35 ./dram/dram.o
 .ARM.attributes
                0x0000000000000173       0x35 ./dram/dram_init.o
 .ARM.attributes
                0x00000000000001a8       0x21 ./../mem_delay.o
 .ARM.attributes
                0x00000000000001c9       0x35 ./../mem_cpu.o
 .ARM.attributes
                0x00000000000001fe       0x35 ./../mem_mmu_pc.o
 .ARM.attributes
                0x0000000000000233       0x21 ./../mem_mmu_pc_asm.o
 .ARM.attributes
                0x0000000000000254       0x35 ./../mem_serial.o
 .ARM.attributes
                0x0000000000000289       0x35 ./../mem_printk.o
 .ARM.attributes
                0x00000000000002be       0x35 ./../pm_debug.o
 .ARM.attributes
                0x00000000000002f3       0x35 ./../mem_timing.o
 .ARM.attributes
                0x0000000000000328       0x35 ./../mem_divlibc.o
 .ARM.attributes
                0x000000000000035d       0x21 ./../mem_divlib.o

.debug_frame    0x0000000000000000      0xd9c
 .debug_frame   0x0000000000000000       0x48 ./super/resume/resume1.o
 .debug_frame   0x0000000000000048       0x28 ./super/common.o
 .debug_frame   0x0000000000000070       0xdc ./super/super_twi.o
 .debug_frame   0x000000000000014c       0xd0 ./super/super_clock.o
 .debug_frame   0x000000000000021c       0xe8 ./super/super_power.o
 .debug_frame   0x0000000000000304       0x28 ./super/super_tmr.o
 .debug_frame   0x000000000000032c      0x214 ./dram/dram.o
 .debug_frame   0x0000000000000540      0x264 ./dram/dram_init.o
 .debug_frame   0x00000000000007a4       0xdc ./../mem_cpu.o
 .debug_frame   0x0000000000000880       0x40 ./../mem_mmu_pc.o
 .debug_frame   0x00000000000008c0      0x10c ./../mem_serial.o
 .debug_frame   0x00000000000009cc      0x180 ./../mem_printk.o
 .debug_frame   0x0000000000000b4c       0xc0 ./../pm_debug.o
 .debug_frame   0x0000000000000c0c      0x14c ./../mem_timing.o
 .debug_frame   0x0000000000000d58       0x44 ./../mem_divlibc.o
